package widgets

// This file was originally generated by template.test, but it is intended for you to edit it.
// template.test 1.2.3

import "context"

var _ SVC = (*Service)(nil) // Verify that *Service implements SVC.

// SVCCustomizations allows you to embed additional services into your SVC
// interface. You will have to manually implement them for the logging/metrics
// services.
type SVCCustomizations interface{}

type Service struct {
	// TODO: add whatever you need to here.
}

func NewService() *Service {
	return &Service{}
}

func (s *Service) WidgetCreate(ctx context.Context, req WidgetCreateRequest) (Widget, error) {
	// TODO: Put your business logic in here.
	panic("not implemented")
}

func (s *Service) WidgetDelete(ctx context.Context, id string) error {
	// TODO: Put your business logic in here.
	panic("not implemented")
}

func (s *Service) WidgetGet(ctx context.Context, id string, num int64) (Widget, error) {
	// TODO: Put your business logic in here.
	panic("not implemented")
}

func (s *Service) WidgetsList(ctx context.Context, qp WidgetsListParams) (WidgetsListResponse, error) {
	// TODO: Put your business logic in here.
	panic("not implemented")
}
