// Code generated by template.test. DO NOT EDIT.
// template.test 1.2.3

package widgets

import (
	"github.com/prometheus/client_golang/prometheus"
)

var _ SVC = (*MetricsService)(nil) // Verify that *MetricsService implements SVC.

type MetricsService struct {
	svc        SVC
	errCounter *prometheus.CounterVec
}

func NewMetricsService(svc SVC, errCounter *prometheus.CounterVec) *MetricsService {
	return &MetricsService{
		svc:        svc,
		errCounter: errCounter,
	}
}
