// Code generated by template.test. DO NOT EDIT.
// template.test 1.2.3

package widgets

// Cat
type Cat struct {
	Age     *int64 `json:"age,omitempty"`
	Hunts   *bool  `json:"hunts,omitempty"`
	PetType string `json:"pet_type"`
}

// Child1
type Child1 struct {
	Child1prop *string `json:"child1prop,omitempty"`
	Rootprop   string  `json:"rootprop"`
}

// Child2
type Child2 struct {
	Child1prop *string `json:"child1prop,omitempty"`
	Child2prop *string `json:"child2prop,omitempty"`
	Child3prop string  `json:"child3prop"`
	Rootprop   string  `json:"rootprop"`
}

// Child3
type Child3 struct {
	Child3prop string `json:"child3prop"`
}

// Dog
type Dog struct {
	Bark    *bool   `json:"bark,omitempty"`
	Breed   *string `json:"breed,omitempty"`
	PetType string  `json:"pet_type"`
}

// Pet
type Pet struct {
	PetType string `json:"pet_type"`
}

// Root
type Root struct {
	Rootprop string `json:"rootprop"`
}
