package widgets

// This file was originally generated by template.test, but it is intended for you to edit it.
// template.test 1.2.3

import "context"

var _ SVC = (*Service)(nil) // Verify that *Service implements SVC.

// SVCCustomizations allows you to embed additional services into your SVC
// interface. You will have to manually implement them for the logging/metrics
// services.
type SVCCustomizations interface{}

type Service struct {
	// TODO: add whatever you need to here.
}

func NewService() *Service {
	return &Service{}
}

// Metrics returns application metrics in a format Prometheus can scrape
func (s *Service) Metrics(ctx context.Context) ([]byte, error) {
	// TODO: Put your business logic in here.
	panic("not implemented")
}

// WidgetCreate
func (s *Service) WidgetCreate(ctx context.Context, req WidgetCreateRequest) (Widget, error) {
	// TODO: Put your business logic in here.
	panic("not implemented")
}

// WidgetDelete delete a specific widget by ID.
func (s *Service) WidgetDelete(ctx context.Context, id string) error {
	// TODO: Put your business logic in here.
	panic("not implemented")
}

// WidgetDownload downloads a file.
func (s *Service) WidgetDownload(ctx context.Context, id string) (*FileDownloadResponse, error) {
	// TODO: Put your business logic in here.
	panic("not implemented")
}

// WidgetGet get a specific widget by ID. This is a really, really, really long comment to test out the
// wrapping of comments on descriptions.
func (s *Service) WidgetGet(ctx context.Context, id string, num int64) (Widget, error) {
	// TODO: Put your business logic in here.
	panic("not implemented")
}

// WidgetsList gets a list of all widgets
func (s *Service) WidgetsList(ctx context.Context, qp WidgetsListParams) (WidgetsListResponse, error) {
	// TODO: Put your business logic in here.
	panic("not implemented")
}

// WidgetsListStar gets a list of widgets
func (s *Service) WidgetsListStar(ctx context.Context, qp1 string) (WidgetsListResponse, error) {
	// TODO: Put your business logic in here.
	panic("not implemented")
}
