// Code generated by template.test. DO NOT EDIT.
// template.test 1.2.3

package widgets

// Base
type Base struct {
	Foo *Widget `json:"foo,omitempty"`
}

// Widget
type Widget struct {
	ID   string `json:"id"`
	Name string `json:"name"`
}
