// Code generated by template.test. DO NOT EDIT.
// template.test 1.2.3

package widgets

import (
	"context"

	"github.com/prometheus/client_golang/prometheus"
)

var _ SVC = (*MetricsService)(nil) // Verify that *MetricsService implements SVC.

type MetricsService struct {
	svc        SVC
	errCounter *prometheus.CounterVec
}

func NewMetricsService(svc SVC, errCounter *prometheus.CounterVec) *MetricsService {
	return &MetricsService{
		svc:        svc,
		errCounter: errCounter,
	}
}

// WidgetsList gets a list of all widgets
func (s *MetricsService) WidgetsList(ctx context.Context, param2 string, qp WidgetsListParams) error {
	err := s.svc.WidgetsList(ctx, param2, qp)
	if err != nil {
		s.errCounter.WithLabelValues("widgets_list").Inc()
	}
	return err
}
