// Code generated by template.test. DO NOT EDIT.
// template.test 1.2.3

package widgets

import "context"

var _ SVC = (*LoggingService)(nil) // Verify that *LoggingService implements SVC.

type ErrorLogger interface {
	LogError(msg string, err error, keyvals ...any)
}

type LoggingService struct {
	logger ErrorLogger
	svc    SVC
}

func NewLoggingService(svc SVC, l ErrorLogger) *LoggingService {
	return &LoggingService{
		logger: l,
		svc:    svc,
	}
}

// WidgetsList gets a list of all widgets
func (s *LoggingService) WidgetsList(ctx context.Context, param2 string, qp WidgetsListParams) error {
	err := s.svc.WidgetsList(ctx, param2, qp)
	if err != nil {
		s.logger.LogError("WidgetsList error", err)
	}

	return err
}
