// Code generated by template.test. DO NOT EDIT.
// template.test 1.2.3

package widgets

import (
	"net/http"

	"github.com/jasonhancock/jasongen/params"
)

// WidgetsListParams Parameters for WidgetsList
type WidgetsListParams struct {
	XForwardedFor *string
}

func getWidgetsListParams(r *http.Request) (WidgetsListParams, error) {
	var p WidgetsListParams

	{ // X-Forwarded-For

		val, err := params.HeaderParamString(
			r.Header,
			`X-Forwarded-For`,
			params.Required(false),
		)
		if err != nil {
			// TODO: need to continue processing other fields instead of aborting here.
			return p, err
		}
		p.XForwardedFor = val
	}

	return p, nil
}

func (p WidgetsListParams) getHeaders() []string {
	var data []string

	if p.XForwardedFor != nil {
		data = append(data, "X-Forwarded-For", *p.XForwardedFor)
	}

	return data
}
